Running tests from C:\Users\arnou\github\zip\tests\ZipLink.wlt
Tests Succeeded: 5
Tests Failed: 1

Detailed Failures:
-------------------------------------------------
TestID: ZipZStandard
Outcome: MessagesFailure
Input: InputForm[HoldForm[Module[{source = zstd_test.txt, zip = zstd_test.zip, info, res}, If[FileExistsQ[source], DeleteFile[source]]; If[FileExistsQ[zip], DeleteFile[zip]]; Export[source, Zstd Content, String]; res = Zip[source, zip, CompressionMethod -> ZStandard]; If[FailureQ[res], Return[res, Module]]; info = ZipInformation[zip]; MatchQ[info, {KeyValuePattern[{CompressionMethod -> Zstd}]}]]]]
Expected Output: InputForm[HoldForm[True]]
Actual Output: InputForm[HoldForm[True]]
